// Jest Snapshot v1, https://goo.gl/fbAQLP

exports[`Minicrop crop response 1`] = `
Object {
  "height": 0,
  "ratio": 1,
  "width": 0,
  "x": -40,
  "y": -40,
}
`;

exports[`Minicrop result 1`] = `
<div
  class="minicrop"
  data-image="image"
>
  
    
  <img
    class="image"
    height="100%"
    src="image"
  />
  
    
  <div
    class="crop"
  />
  
  
</div>
`;
