// Jest Snapshot v1, https://goo.gl/fbAQLP

exports[`Minicrop crop response 1`] = `
Object {
  "height": 0,
  "ratio": 1,
  "rotated": false,
  "width": 0,
  "x": -40,
  "y": -40,
}
`;

exports[`Minicrop result 1`] = `
<div
  class="minicrop"
  data-image="image"
>
  
    
  <img
    class="image"
    height="100%"
    src="image"
    style="top: 0px; left: 0px;"
  />
  
    
  <div
    class="crop"
  >
    
      
    <!-- &lt;img src="image" class="image-preview" height="100%" /&gt; -->
    
    
  </div>
  
  
</div>
`;
