// Jest Snapshot v1, https://goo.gl/fbAQLP

exports[`build snapshot 1`] = `
<div
  class="minicrop"
  data-image="image"
>
  
    
  <img
    class="image"
    height="100%"
    src="image"
  />
  
    
  <div
    class="crop"
  >
    
      
    <!-- &lt;img src="image" class="image-preview" height="100%" /&gt; -->
    
    
  </div>
  
  
</div>
`;
